
> @figma/my-make-file@0.0.1 build
> vite build

[36mvite v6.3.5 [32mbuilding for production...[36m[39m
transforming...
[32mΓ£ô[39m 8 modules transformed.
node.exe : 
[31mΓ£ù[39m Build 
failed in 375ms
At line:1 char:1
+ & "C:\Program 
Files\nodejs/node.exe" 
"C:\Program 
Files\nodejs/node_mo 
...
+ ~~~~~~~~~~~~~~~~~~~~~
~~~~~~~~~~~~~~~~~~~~~~~
~~~~~~~~~~~~~~~~~~~~~~~
~~
    + CategoryInfo     
         : NotSpecifi  
  ed: ([31mΓ£ù[39m   
  Build failed in 3    
75ms:String) [], R    
emoteException
    + FullyQualifiedEr 
   rorId : NativeComm  
  andError
 
[31merror during 
build:
[31m[vite:esbuild] 
Transform failed with 
1 error:
C:/Users/sanik/OneDrive
/Desktop/projects/Expen
se Tracker Mobile UI/sr
c/app/screens/Dashboard
Screen.tsx:50:28: 
ERROR: Expected ";" 
but found ":"[31m
file: [36mC:/Users/san
ik/OneDrive/Desktop/pro
jects/Expense Tracker 
Mobile UI/src/app/scree
ns/DashboardScreen.tsx:
50:28[31m
[33m
[33mExpected ";" but 
found ":"[33m
48 |      { label: 
'Top Category', value: 
data.monthly_summary.to
p_category, icon: 
Calendar, color: 
'text-gray-700', 
bgColor: 'bg-gray-50' 
},
49 |    ] : [];
50 |      { label: 
'Income', value: 
'$8,500', icon: 
TrendingUp, color: 
'text-[#4CAF50]', 
bgColor: 'bg-green-50' 
},
   |                   
           ^
51 |      { label: 
'Expense', value: 
'$5,200', icon: 
TrendingDown, color: 
'text-[#F44336]', 
bgColor: 'bg-red-50' },
52 |      { label: 
'Total Balance', 
value: '$3,300', icon: 
DollarSign, color: 
'text-[#009688]', 
bgColor: 'bg-teal-50', 
highlight: true },
[31m
    at 
failureErrorWithLog (C:
\Users\sanik\OneDrive\D
esktop\projects\Expense
 Tracker Mobile UI\node
_modules\esbuild\lib\ma
in.js:1467:15)
    at C:\Users\sanik\O
neDrive\Desktop\project
s\Expense Tracker 
Mobile UI\node_modules\
esbuild\lib\main.js:736
:50
    at responseCallback
s.<computed> (C:\Users\
sanik\OneDrive\Desktop\
projects\Expense 
Tracker Mobile UI\node_
modules\esbuild\lib\mai
n.js:603:9)
    at 
handleIncomingPacket (C
:\Users\sanik\OneDrive\
Desktop\projects\Expens
e Tracker Mobile UI\nod
e_modules\esbuild\lib\m
ain.js:658:12)
    at 
Socket.readFromStdout (
C:\Users\sanik\OneDrive
\Desktop\projects\Expen
se Tracker Mobile UI\no
de_modules\esbuild\lib\
main.js:581:7)
    at Socket.emit 
(node:events:508:20)
    at addChunk (node:i
nternal/streams/readabl
e:564:12)
    at readableAddChunk
PushByteMode (node:inte
rnal/streams/readable:5
15:3)
    at Readable.push (n
ode:internal/streams/re
adable:395:5)
    at 
Pipe.onStreamRead (node
:internal/stream_base_c
ommons:189:23)[39m
